[lceducationconsulting.com/index.html]
[backblue.gif]
[fade.gif]
[index.html]
[lceducationconsulting.com/manifest.webmanifest]
[img1.wsimg.com/isteam/ip/a821e253-f35c-44be-8830-fee736225438/LC LOGO-3adc54b.jpg]
[lceducationconsulting.com/sw.js]
[lceducationconsulting.com/our-story.html]
[lceducationconsulting.com/why-choose-us.html]
[lceducationconsulting.com/accessibility-services.html]
[lceducationconsulting.com/webinars-&-training.html]
[lceducationconsulting.com/portfolio.html]
[lceducationconsulting.com/contact.html]
[img1.wsimg.com/blobby/go/a821e253-f35c-44be-8830-fee736225438/gpub/1808e5e5baa9c210/script.js]
[img1.wsimg.com/blobby/go/a821e253-f35c-44be-8830-fee736225438/gpub/3674abc49dc75ee3/script.js]
[img1.wsimg.com/ceph-p3-01/website-builder-data-prod/static/widgets/UX.4.51.17.js]
[img1.wsimg.com/signals/js/clients/tti/tti.min.js]
[lceducationconsulting.com/index.html]
[img1.wsimg.com/blobby/go/a821e253-f35c-44be-8830-fee736225438/gpub/1726e79b3c2c1c55/script.js]
[lceducationconsulting.com/our-story.html]
[img1.wsimg.com/blobby/go/a821e253-f35c-44be-8830-fee736225438/gpub/5e7c52786feb249a/script.js]
[lceducationconsulting.com/why-choose-us.html]
[lceducationconsulting.com/accessibility-services.html]
[img1.wsimg.com/blobby/go/a821e253-f35c-44be-8830-fee736225438/gpub/2ccd17c801cb9463/script.js]
[img1.wsimg.com/blobby/go/a821e253-f35c-44be-8830-fee736225438/gpub/f2a009f38b438a08/script.js]
[img1.wsimg.com/blobby/go/a821e253-f35c-44be-8830-fee736225438/gpub/235b4a2e5b6ecdbf/script.js]
[lceducationconsulting.com/webinars-&-training.html]
[img1.wsimg.com/blobby/go/a821e253-f35c-44be-8830-fee736225438/gpub/96dae4b60bd34553/script.js]
[lceducationconsulting.com/portfolio.html]
[img1.wsimg.com/blobby/go/a821e253-f35c-44be-8830-fee736225438/gpub/6a638ea595c6887f/script.js]
[img1.wsimg.com/blobby/go/a821e253-f35c-44be-8830-fee736225438/gpub/b64e503a1a50f873/script.js]
[lceducationconsulting.com/contact.html]
[img1.wsimg.com/blobby/go/a821e253-f35c-44be-8830-fee736225438/gpub/6041ea23721afdb9/script.js]
[img1.wsimg.com/signals/js/clients/scc-c2/scc-c2.min.js]
[img1.wsimg.com/blobby/go/a821e253-f35c-44be-8830-fee736225438/gpub/55d174ca7e338e08/script.js]
[img1.wsimg.com/blobby/go/a821e253-f35c-44be-8830-fee736225438/gpub/f1e2b56683bbd372/script.js]
[img1.wsimg.com/blobby/go/a821e253-f35c-44be-8830-fee736225438/gpub/dffd0f037fb1890f/script.js]
